<?xml version="1.0"?>
<link_info>
   <banner>TI ARM Linker Unix v5.1.6</banner>
   <copyright>Copyright (c) 1996-2014 Texas Instruments Incorporated</copyright>
   <link_time>0x550035ef</link_time>
   <link_errors>0x0</link_errors>
   <output_file>Easyman.out</output_file>
   <entry_point>
      <name>_c_int00</name>
      <address>0x5361</address>
   </entry_point>
   <input_file_list>
      <input_file id="fl-2">
         <path>./</path>
         <kind>object</kind>
         <file>main.obj</file>
         <name>main.obj</name>
      </input_file>
      <input_file id="fl-3">
         <path>./</path>
         <kind>object</kind>
         <file>rom_i2c0_func.obj</file>
         <name>rom_i2c0_func.obj</name>
      </input_file>
      <input_file id="fl-4">
         <path>./</path>
         <kind>object</kind>
         <file>tm4c123gh6pm_startup_ccs.obj</file>
         <name>tm4c123gh6pm_startup_ccs.obj</name>
      </input_file>
      <input_file id="fl-5">
         <path>./utils/</path>
         <kind>object</kind>
         <file>cmdline.obj</file>
         <name>cmdline.obj</name>
      </input_file>
      <input_file id="fl-6">
         <path>./utils/</path>
         <kind>object</kind>
         <file>cpu_usage.obj</file>
         <name>cpu_usage.obj</name>
      </input_file>
      <input_file id="fl-7">
         <path>./utils/</path>
         <kind>object</kind>
         <file>flash_pb.obj</file>
         <name>flash_pb.obj</name>
      </input_file>
      <input_file id="fl-8">
         <path>./utils/</path>
         <kind>object</kind>
         <file>isqrt.obj</file>
         <name>isqrt.obj</name>
      </input_file>
      <input_file id="fl-9">
         <path>./utils/</path>
         <kind>object</kind>
         <file>random.obj</file>
         <name>random.obj</name>
      </input_file>
      <input_file id="fl-a">
         <path>./utils/</path>
         <kind>object</kind>
         <file>ringbuf.obj</file>
         <name>ringbuf.obj</name>
      </input_file>
      <input_file id="fl-b">
         <path>./utils/</path>
         <kind>object</kind>
         <file>scheduler.obj</file>
         <name>scheduler.obj</name>
      </input_file>
      <input_file id="fl-c">
         <path>./utils/</path>
         <kind>object</kind>
         <file>sine.obj</file>
         <name>sine.obj</name>
      </input_file>
      <input_file id="fl-d">
         <path>./utils/</path>
         <kind>object</kind>
         <file>smbus.obj</file>
         <name>smbus.obj</name>
      </input_file>
      <input_file id="fl-e">
         <path>./utils/</path>
         <kind>object</kind>
         <file>softi2c.obj</file>
         <name>softi2c.obj</name>
      </input_file>
      <input_file id="fl-f">
         <path>./utils/</path>
         <kind>object</kind>
         <file>softssi.obj</file>
         <name>softssi.obj</name>
      </input_file>
      <input_file id="fl-10">
         <path>./utils/</path>
         <kind>object</kind>
         <file>softuart.obj</file>
         <name>softuart.obj</name>
      </input_file>
      <input_file id="fl-11">
         <path>./utils/</path>
         <kind>object</kind>
         <file>uartstdio.obj</file>
         <name>uartstdio.obj</name>
      </input_file>
      <input_file id="fl-12">
         <path>./utils/</path>
         <kind>object</kind>
         <file>ustdlib.obj</file>
         <name>ustdlib.obj</name>
      </input_file>
      <input_file id="fl-13">
         <path>./driverlib/</path>
         <kind>object</kind>
         <file>adc.obj</file>
         <name>adc.obj</name>
      </input_file>
      <input_file id="fl-14">
         <path>./driverlib/</path>
         <kind>object</kind>
         <file>can.obj</file>
         <name>can.obj</name>
      </input_file>
      <input_file id="fl-15">
         <path>./driverlib/</path>
         <kind>object</kind>
         <file>comp.obj</file>
         <name>comp.obj</name>
      </input_file>
      <input_file id="fl-16">
         <path>./driverlib/</path>
         <kind>object</kind>
         <file>cpu.obj</file>
         <name>cpu.obj</name>
      </input_file>
      <input_file id="fl-17">
         <path>./driverlib/</path>
         <kind>object</kind>
         <file>eeprom.obj</file>
         <name>eeprom.obj</name>
      </input_file>
      <input_file id="fl-18">
         <path>./driverlib/</path>
         <kind>object</kind>
         <file>flash.obj</file>
         <name>flash.obj</name>
      </input_file>
      <input_file id="fl-19">
         <path>./driverlib/</path>
         <kind>object</kind>
         <file>fpu.obj</file>
         <name>fpu.obj</name>
      </input_file>
      <input_file id="fl-1a">
         <path>./driverlib/</path>
         <kind>object</kind>
         <file>gpio.obj</file>
         <name>gpio.obj</name>
      </input_file>
      <input_file id="fl-1b">
         <path>./driverlib/</path>
         <kind>object</kind>
         <file>hibernate.obj</file>
         <name>hibernate.obj</name>
      </input_file>
      <input_file id="fl-1c">
         <path>./driverlib/</path>
         <kind>object</kind>
         <file>i2c.obj</file>
         <name>i2c.obj</name>
      </input_file>
      <input_file id="fl-1d">
         <path>./driverlib/</path>
         <kind>object</kind>
         <file>interrupt.obj</file>
         <name>interrupt.obj</name>
      </input_file>
      <input_file id="fl-1e">
         <path>./driverlib/</path>
         <kind>object</kind>
         <file>mpu.obj</file>
         <name>mpu.obj</name>
      </input_file>
      <input_file id="fl-1f">
         <path>./driverlib/</path>
         <kind>object</kind>
         <file>pwm.obj</file>
         <name>pwm.obj</name>
      </input_file>
      <input_file id="fl-20">
         <path>./driverlib/</path>
         <kind>object</kind>
         <file>qei.obj</file>
         <name>qei.obj</name>
      </input_file>
      <input_file id="fl-21">
         <path>./driverlib/</path>
         <kind>object</kind>
         <file>ssi.obj</file>
         <name>ssi.obj</name>
      </input_file>
      <input_file id="fl-22">
         <path>./driverlib/</path>
         <kind>object</kind>
         <file>sw_crc.obj</file>
         <name>sw_crc.obj</name>
      </input_file>
      <input_file id="fl-23">
         <path>./driverlib/</path>
         <kind>object</kind>
         <file>sysctl.obj</file>
         <name>sysctl.obj</name>
      </input_file>
      <input_file id="fl-24">
         <path>./driverlib/</path>
         <kind>object</kind>
         <file>sysexc.obj</file>
         <name>sysexc.obj</name>
      </input_file>
      <input_file id="fl-25">
         <path>./driverlib/</path>
         <kind>object</kind>
         <file>systick.obj</file>
         <name>systick.obj</name>
      </input_file>
      <input_file id="fl-26">
         <path>./driverlib/</path>
         <kind>object</kind>
         <file>timer.obj</file>
         <name>timer.obj</name>
      </input_file>
      <input_file id="fl-27">
         <path>./driverlib/</path>
         <kind>object</kind>
         <file>uart.obj</file>
         <name>uart.obj</name>
      </input_file>
      <input_file id="fl-28">
         <path>./driverlib/</path>
         <kind>object</kind>
         <file>udma.obj</file>
         <name>udma.obj</name>
      </input_file>
      <input_file id="fl-29">
         <path>./driverlib/</path>
         <kind>object</kind>
         <file>usb.obj</file>
         <name>usb.obj</name>
      </input_file>
      <input_file id="fl-2a">
         <path>./driverlib/</path>
         <kind>object</kind>
         <file>watchdog.obj</file>
         <name>watchdog.obj</name>
      </input_file>
      <input_file id="fl-157">
         <path>/opt/ti/ccsv6/tools/compiler/arm_5.1.6/lib/</path>
         <kind>archive</kind>
         <file>rtsv7M4_T_le_v4SPD16_eabi.lib</file>
         <name>atan2.obj</name>
      </input_file>
      <input_file id="fl-158">
         <path>/opt/ti/ccsv6/tools/compiler/arm_5.1.6/lib/</path>
         <kind>archive</kind>
         <file>rtsv7M4_T_le_v4SPD16_eabi.lib</file>
         <name>boot.obj</name>
      </input_file>
      <input_file id="fl-159">
         <path>/opt/ti/ccsv6/tools/compiler/arm_5.1.6/lib/</path>
         <kind>archive</kind>
         <file>rtsv7M4_T_le_v4SPD16_eabi.lib</file>
         <name>copy_decompress_none.obj</name>
      </input_file>
      <input_file id="fl-15a">
         <path>/opt/ti/ccsv6/tools/compiler/arm_5.1.6/lib/</path>
         <kind>archive</kind>
         <file>rtsv7M4_T_le_v4SPD16_eabi.lib</file>
         <name>copy_decompress_rle.obj</name>
      </input_file>
      <input_file id="fl-15b">
         <path>/opt/ti/ccsv6/tools/compiler/arm_5.1.6/lib/</path>
         <kind>archive</kind>
         <file>rtsv7M4_T_le_v4SPD16_eabi.lib</file>
         <name>copy_zero_init.obj</name>
      </input_file>
      <input_file id="fl-15c">
         <path>/opt/ti/ccsv6/tools/compiler/arm_5.1.6/lib/</path>
         <kind>archive</kind>
         <file>rtsv7M4_T_le_v4SPD16_eabi.lib</file>
         <name>exit.obj</name>
      </input_file>
      <input_file id="fl-15d">
         <path>/opt/ti/ccsv6/tools/compiler/arm_5.1.6/lib/</path>
         <kind>archive</kind>
         <file>rtsv7M4_T_le_v4SPD16_eabi.lib</file>
         <name>fd_add_t2.obj</name>
      </input_file>
      <input_file id="fl-15e">
         <path>/opt/ti/ccsv6/tools/compiler/arm_5.1.6/lib/</path>
         <kind>archive</kind>
         <file>rtsv7M4_T_le_v4SPD16_eabi.lib</file>
         <name>fd_cmp_t2.obj</name>
      </input_file>
      <input_file id="fl-15f">
         <path>/opt/ti/ccsv6/tools/compiler/arm_5.1.6/lib/</path>
         <kind>archive</kind>
         <file>rtsv7M4_T_le_v4SPD16_eabi.lib</file>
         <name>fd_div_t2.obj</name>
      </input_file>
      <input_file id="fl-160">
         <path>/opt/ti/ccsv6/tools/compiler/arm_5.1.6/lib/</path>
         <kind>archive</kind>
         <file>rtsv7M4_T_le_v4SPD16_eabi.lib</file>
         <name>fd_mul_t2.obj</name>
      </input_file>
      <input_file id="fl-161">
         <path>/opt/ti/ccsv6/tools/compiler/arm_5.1.6/lib/</path>
         <kind>archive</kind>
         <file>rtsv7M4_T_le_v4SPD16_eabi.lib</file>
         <name>fd_tos_t2.obj</name>
      </input_file>
      <input_file id="fl-162">
         <path>/opt/ti/ccsv6/tools/compiler/arm_5.1.6/lib/</path>
         <kind>archive</kind>
         <file>rtsv7M4_T_le_v4SPD16_eabi.lib</file>
         <name>fs_tod_t2.obj</name>
      </input_file>
      <input_file id="fl-163">
         <path>/opt/ti/ccsv6/tools/compiler/arm_5.1.6/lib/</path>
         <kind>archive</kind>
         <file>rtsv7M4_T_le_v4SPD16_eabi.lib</file>
         <name>i_tofd_t2.obj</name>
      </input_file>
      <input_file id="fl-164">
         <path>/opt/ti/ccsv6/tools/compiler/arm_5.1.6/lib/</path>
         <kind>archive</kind>
         <file>rtsv7M4_T_le_v4SPD16_eabi.lib</file>
         <name>memcpy_t2.obj</name>
      </input_file>
      <input_file id="fl-165">
         <path>/opt/ti/ccsv6/tools/compiler/arm_5.1.6/lib/</path>
         <kind>archive</kind>
         <file>rtsv7M4_T_le_v4SPD16_eabi.lib</file>
         <name>memset_t2.obj</name>
      </input_file>
      <input_file id="fl-166">
         <path>/opt/ti/ccsv6/tools/compiler/arm_5.1.6/lib/</path>
         <kind>archive</kind>
         <file>rtsv7M4_T_le_v4SPD16_eabi.lib</file>
         <name>pow.obj</name>
      </input_file>
      <input_file id="fl-167">
         <path>/opt/ti/ccsv6/tools/compiler/arm_5.1.6/lib/</path>
         <kind>archive</kind>
         <file>rtsv7M4_T_le_v4SPD16_eabi.lib</file>
         <name>sqrt.obj</name>
      </input_file>
      <input_file id="fl-168">
         <path>/opt/ti/ccsv6/tools/compiler/arm_5.1.6/lib/</path>
         <kind>archive</kind>
         <file>rtsv7M4_T_le_v4SPD16_eabi.lib</file>
         <name>sqrtf.obj</name>
      </input_file>
      <input_file id="fl-169">
         <path>/opt/ti/ccsv6/tools/compiler/arm_5.1.6/lib/</path>
         <kind>archive</kind>
         <file>rtsv7M4_T_le_v4SPD16_eabi.lib</file>
         <name>stkdepth_vars.obj</name>
      </input_file>
      <input_file id="fl-16a">
         <path>/opt/ti/ccsv6/tools/compiler/arm_5.1.6/lib/</path>
         <kind>archive</kind>
         <file>rtsv7M4_T_le_v4SPD16_eabi.lib</file>
         <name>strcmp.obj</name>
      </input_file>
      <input_file id="fl-16b">
         <path>/opt/ti/ccsv6/tools/compiler/arm_5.1.6/lib/</path>
         <kind>archive</kind>
         <file>rtsv7M4_T_le_v4SPD16_eabi.lib</file>
         <name>u_divt2.obj</name>
      </input_file>
      <input_file id="fl-16c">
         <path>/opt/ti/ccsv6/tools/compiler/arm_5.1.6/lib/</path>
         <kind>archive</kind>
         <file>rtsv7M4_T_le_v4SPD16_eabi.lib</file>
         <name>xatan.obj</name>
      </input_file>
      <input_file id="fl-16d">
         <path>/opt/ti/ccsv6/tools/compiler/arm_5.1.6/lib/</path>
         <kind>archive</kind>
         <file>rtsv7M4_T_le_v4SPD16_eabi.lib</file>
         <name>xdint.obj</name>
      </input_file>
      <input_file id="fl-16e">
         <path>/opt/ti/ccsv6/tools/compiler/arm_5.1.6/lib/</path>
         <kind>archive</kind>
         <file>rtsv7M4_T_le_v4SPD16_eabi.lib</file>
         <name>xdscale.obj</name>
      </input_file>
      <input_file id="fl-16f">
         <path>/opt/ti/ccsv6/tools/compiler/arm_5.1.6/lib/</path>
         <kind>archive</kind>
         <file>rtsv7M4_T_le_v4SPD16_eabi.lib</file>
         <name>xdtest.obj</name>
      </input_file>
      <input_file id="fl-170">
         <path>/opt/ti/ccsv6/tools/compiler/arm_5.1.6/lib/</path>
         <kind>archive</kind>
         <file>rtsv7M4_T_le_v4SPD16_eabi.lib</file>
         <name>xdunscal.obj</name>
      </input_file>
      <input_file id="fl-171">
         <path>/opt/ti/ccsv6/tools/compiler/arm_5.1.6/lib/</path>
         <kind>archive</kind>
         <file>rtsv7M4_T_le_v4SPD16_eabi.lib</file>
         <name>xexp.obj</name>
      </input_file>
      <input_file id="fl-172">
         <path>/opt/ti/ccsv6/tools/compiler/arm_5.1.6/lib/</path>
         <kind>archive</kind>
         <file>rtsv7M4_T_le_v4SPD16_eabi.lib</file>
         <name>xferaise.obj</name>
      </input_file>
      <input_file id="fl-173">
         <path>/opt/ti/ccsv6/tools/compiler/arm_5.1.6/lib/</path>
         <kind>archive</kind>
         <file>rtsv7M4_T_le_v4SPD16_eabi.lib</file>
         <name>xfvalues.obj</name>
      </input_file>
      <input_file id="fl-174">
         <path>/opt/ti/ccsv6/tools/compiler/arm_5.1.6/lib/</path>
         <kind>archive</kind>
         <file>rtsv7M4_T_le_v4SPD16_eabi.lib</file>
         <name>xvalues.obj</name>
      </input_file>
      <input_file id="fl-175">
         <path>/opt/ti/ccsv6/tools/compiler/arm_5.1.6/lib/</path>
         <kind>archive</kind>
         <file>rtsv7M4_T_le_v4SPD16_eabi.lib</file>
         <name>_lock.obj</name>
      </input_file>
      <input_file id="fl-176">
         <path>/opt/ti/ccsv6/tools/compiler/arm_5.1.6/lib/</path>
         <kind>archive</kind>
         <file>rtsv7M4_T_le_v4SPD16_eabi.lib</file>
         <name>args_main.obj</name>
      </input_file>
      <input_file id="fl-177">
         <path>/opt/ti/ccsv6/tools/compiler/arm_5.1.6/lib/</path>
         <kind>archive</kind>
         <file>rtsv7M4_T_le_v4SPD16_eabi.lib</file>
         <name>auto_init.obj</name>
      </input_file>
      <input_file id="fl-178">
         <path>/opt/ti/ccsv6/tools/compiler/arm_5.1.6/lib/</path>
         <kind>archive</kind>
         <file>rtsv7M4_T_le_v4SPD16_eabi.lib</file>
         <name>cpy_tbl.obj</name>
      </input_file>
      <input_file id="fl-179">
         <path>/opt/ti/ccsv6/tools/compiler/arm_5.1.6/lib/</path>
         <kind>archive</kind>
         <file>rtsv7M4_T_le_v4SPD16_eabi.lib</file>
         <name>errno.obj</name>
      </input_file>
      <input_file id="fl-17a">
         <path>/opt/ti/ccsv6/tools/compiler/arm_5.1.6/lib/</path>
         <kind>archive</kind>
         <file>rtsv7M4_T_le_v4SPD16_eabi.lib</file>
         <name>fd_toi_t2.obj</name>
      </input_file>
      <input_file id="fl-17b">
         <path>/opt/ti/ccsv6/tools/compiler/arm_5.1.6/lib/</path>
         <kind>archive</kind>
         <file>rtsv7M4_T_le_v4SPD16_eabi.lib</file>
         <name>feraiseexcept.obj</name>
      </input_file>
      <input_file id="fl-17c">
         <path>/opt/ti/ccsv6/tools/compiler/arm_5.1.6/lib/</path>
         <kind>archive</kind>
         <file>rtsv7M4_T_le_v4SPD16_eabi.lib</file>
         <name>log.obj</name>
      </input_file>
      <input_file id="fl-17d">
         <path>/opt/ti/ccsv6/tools/compiler/arm_5.1.6/lib/</path>
         <kind>archive</kind>
         <file>rtsv7M4_T_le_v4SPD16_eabi.lib</file>
         <name>raise.obj</name>
      </input_file>
      <input_file id="fl-17e">
         <path>/opt/ti/ccsv6/tools/compiler/arm_5.1.6/lib/</path>
         <kind>archive</kind>
         <file>rtsv7M4_T_le_v4SPD16_eabi.lib</file>
         <name>signal.obj</name>
      </input_file>
      <input_file id="fl-17f">
         <path>/opt/ti/ccsv6/tools/compiler/arm_5.1.6/lib/</path>
         <kind>archive</kind>
         <file>rtsv7M4_T_le_v4SPD16_eabi.lib</file>
         <name>xdnorm.obj</name>
      </input_file>
      <input_file id="fl-180">
         <path>/opt/ti/ccsv6/tools/compiler/arm_5.1.6/lib/</path>
         <kind>archive</kind>
         <file>rtsv7M4_T_le_v4SPD16_eabi.lib</file>
         <name>xlog.obj</name>
      </input_file>
   </input_file_list>
   <object_component_list>
      <object_component id="oc-e">
         <name>.intvecs</name>
         <load_address>0x0</load_address>
         <run_address>0x0</run_address>
         <size>0x26c</size>
         <input_file_ref idref="fl-4"/>
      </object_component>
      <object_component id="oc-2f">
         <name>.text</name>
         <load_address>0x26c</load_address>
         <run_address>0x26c</run_address>
         <size>0x1340</size>
         <input_file_ref idref="fl-2"/>
      </object_component>
      <object_component id="oc-7a">
         <name>.text</name>
         <load_address>0x15ac</load_address>
         <run_address>0x15ac</run_address>
         <size>0x948</size>
         <input_file_ref idref="fl-1a"/>
      </object_component>
      <object_component id="oc-102">
         <name>.text</name>
         <load_address>0x1ef4</load_address>
         <run_address>0x1ef4</run_address>
         <size>0x8c8</size>
         <input_file_ref idref="fl-23"/>
      </object_component>
      <object_component id="oc-80">
         <name>.text</name>
         <load_address>0x27bc</load_address>
         <run_address>0x27bc</run_address>
         <size>0x68c</size>
         <input_file_ref idref="fl-3"/>
      </object_component>
      <object_component id="oc-108">
         <name>.text</name>
         <load_address>0x2e48</load_address>
         <run_address>0x2e48</run_address>
         <size>0x5f8</size>
         <input_file_ref idref="fl-27"/>
      </object_component>
      <object_component id="oc-95">
         <name>.text</name>
         <load_address>0x3440</load_address>
         <run_address>0x3440</run_address>
         <size>0x4a8</size>
         <input_file_ref idref="fl-166"/>
      </object_component>
      <object_component id="oc-6e">
         <name>.text</name>
         <load_address>0x38e8</load_address>
         <run_address>0x38e8</run_address>
         <size>0x49c</size>
         <input_file_ref idref="fl-11"/>
      </object_component>
      <object_component id="oc-12a">
         <name>.text</name>
         <load_address>0x3d84</load_address>
         <run_address>0x3d84</run_address>
         <size>0x3c0</size>
         <input_file_ref idref="fl-1d"/>
      </object_component>
      <object_component id="oc-1e4">
         <name>.text</name>
         <load_address>0x4144</load_address>
         <run_address>0x4144</run_address>
         <size>0x2ec</size>
         <input_file_ref idref="fl-180"/>
      </object_component>
      <object_component id="oc-15b">
         <name>.text</name>
         <load_address>0x4430</load_address>
         <run_address>0x4430</run_address>
         <size>0x1fc</size>
         <input_file_ref idref="fl-171"/>
      </object_component>
      <object_component id="oc-8b">
         <name>.text</name>
         <load_address>0x462c</load_address>
         <run_address>0x462c</run_address>
         <size>0x1b6</size>
         <input_file_ref idref="fl-15d"/>
      </object_component>
      <object_component id="oc-173">
         <name>.text</name>
         <load_address>0x47e4</load_address>
         <run_address>0x47e4</run_address>
         <size>0x18c</size>
         <input_file_ref idref="fl-16c"/>
      </object_component>
      <object_component id="oc-9b">
         <name>.text</name>
         <load_address>0x4970</load_address>
         <run_address>0x4970</run_address>
         <size>0x148</size>
         <input_file_ref idref="fl-167"/>
      </object_component>
      <object_component id="oc-90">
         <name>.text</name>
         <load_address>0x4ab8</load_address>
         <run_address>0x4ab8</run_address>
         <size>0x136</size>
         <input_file_ref idref="fl-15f"/>
      </object_component>
      <object_component id="oc-a1">
         <name>.text</name>
         <load_address>0x4bf0</load_address>
         <run_address>0x4bf0</run_address>
         <size>0x118</size>
         <input_file_ref idref="fl-157"/>
      </object_component>
      <object_component id="oc-166">
         <name>.text</name>
         <load_address>0x4d08</load_address>
         <run_address>0x4d08</run_address>
         <size>0x110</size>
         <input_file_ref idref="fl-16e"/>
      </object_component>
      <object_component id="oc-a7">
         <name>.text</name>
         <load_address>0x4e18</load_address>
         <run_address>0x4e18</run_address>
         <size>0xfc</size>
         <input_file_ref idref="fl-160"/>
      </object_component>
      <object_component id="oc-13f">
         <name>.text</name>
         <load_address>0x4f14</load_address>
         <run_address>0x4f14</run_address>
         <size>0xc4</size>
         <input_file_ref idref="fl-16d"/>
      </object_component>
      <object_component id="oc-1cc">
         <name>.text</name>
         <load_address>0x4fd8</load_address>
         <run_address>0x4fd8</run_address>
         <size>0xc4</size>
         <input_file_ref idref="fl-17f"/>
      </object_component>
      <object_component id="oc-4d">
         <name>.text</name>
         <load_address>0x509c</load_address>
         <run_address>0x509c</run_address>
         <size>0x9c</size>
         <input_file_ref idref="fl-164"/>
      </object_component>
      <object_component id="oc-38">
         <name>.text</name>
         <load_address>0x5138</load_address>
         <run_address>0x5138</run_address>
         <size>0x94</size>
         <input_file_ref idref="fl-177"/>
      </object_component>
      <object_component id="oc-145">
         <name>.text:__aeabi_cdcmple</name>
         <load_address>0x51cc</load_address>
         <run_address>0x51cc</run_address>
         <size>0x86</size>
         <input_file_ref idref="fl-15e"/>
      </object_component>
      <object_component id="oc-139">
         <name>.text</name>
         <load_address>0x5252</load_address>
         <run_address>0x5252</run_address>
         <size>0x64</size>
         <input_file_ref idref="fl-170"/>
      </object_component>
      <object_component id="oc-60">
         <name>.text</name>
         <load_address>0x52b6</load_address>
         <run_address>0x52b6</run_address>
         <size>0x5e</size>
         <input_file_ref idref="fl-15a"/>
      </object_component>
      <object_component id="oc-ac">
         <name>.text</name>
         <load_address>0x5314</load_address>
         <run_address>0x5314</run_address>
         <size>0x4a</size>
         <input_file_ref idref="fl-161"/>
      </object_component>
      <object_component id="oc-11">
         <name>.text</name>
         <load_address>0x5360</load_address>
         <run_address>0x5360</run_address>
         <size>0x48</size>
         <input_file_ref idref="fl-158"/>
      </object_component>
      <object_component id="oc-150">
         <name>.text</name>
         <load_address>0x53a8</load_address>
         <run_address>0x53a8</run_address>
         <size>0x48</size>
         <input_file_ref idref="fl-17a"/>
      </object_component>
      <object_component id="oc-dc">
         <name>.text</name>
         <load_address>0x53f0</load_address>
         <run_address>0x53f0</run_address>
         <size>0x44</size>
         <input_file_ref idref="fl-178"/>
      </object_component>
      <object_component id="oc-43">
         <name>.text</name>
         <load_address>0x5434</load_address>
         <run_address>0x5434</run_address>
         <size>0x44</size>
         <input_file_ref idref="fl-15c"/>
      </object_component>
      <object_component id="oc-16d">
         <name>.text</name>
         <load_address>0x5478</load_address>
         <run_address>0x5478</run_address>
         <size>0x44</size>
         <input_file_ref idref="fl-16f"/>
      </object_component>
      <object_component id="oc-114">
         <name>.text</name>
         <load_address>0x54bc</load_address>
         <run_address>0x54bc</run_address>
         <size>0x42</size>
         <input_file_ref idref="fl-16b"/>
      </object_component>
      <object_component id="oc-24d">
         <name>.text</name>
         <load_address>0x5500</load_address>
         <run_address>0x5500</run_address>
         <size>0x40</size>
         <input_file_ref idref="fl-17e"/>
      </object_component>
      <object_component id="oc-19c">
         <name>.text</name>
         <load_address>0x5540</load_address>
         <run_address>0x5540</run_address>
         <size>0x3e</size>
         <input_file_ref idref="fl-16"/>
      </object_component>
      <object_component id="oc-b7">
         <name>.text</name>
         <load_address>0x557e</load_address>
         <run_address>0x557e</run_address>
         <size>0x38</size>
         <input_file_ref idref="fl-162"/>
      </object_component>
      <object_component id="oc-1d9">
         <name>.text</name>
         <load_address>0x55b8</load_address>
         <run_address>0x55b8</run_address>
         <size>0x34</size>
         <input_file_ref idref="fl-17b"/>
      </object_component>
      <object_component id="oc-14a">
         <name>.text</name>
         <load_address>0x55ec</load_address>
         <run_address>0x55ec</run_address>
         <size>0x30</size>
         <input_file_ref idref="fl-172"/>
      </object_component>
      <object_component id="oc-86">
         <name>.text</name>
         <load_address>0x561c</load_address>
         <run_address>0x561c</run_address>
         <size>0x2e</size>
         <input_file_ref idref="fl-163"/>
      </object_component>
      <object_component id="oc-22c">
         <name>.text</name>
         <load_address>0x564a</load_address>
         <run_address>0x564a</run_address>
         <size>0x2e</size>
         <input_file_ref idref="fl-17d"/>
      </object_component>
      <object_component id="oc-b1">
         <name>.text</name>
         <load_address>0x5678</load_address>
         <run_address>0x5678</run_address>
         <size>0x24</size>
         <input_file_ref idref="fl-168"/>
      </object_component>
      <object_component id="oc-155">
         <name>.text</name>
         <load_address>0x569c</load_address>
         <run_address>0x569c</run_address>
         <size>0x1a</size>
         <input_file_ref idref="fl-17c"/>
      </object_component>
      <object_component id="oc-3d">
         <name>.text</name>
         <load_address>0x56b8</load_address>
         <run_address>0x56b8</run_address>
         <size>0x18</size>
         <input_file_ref idref="fl-176"/>
      </object_component>
      <object_component id="oc-18e">
         <name>.text</name>
         <load_address>0x56d0</load_address>
         <run_address>0x56d0</run_address>
         <size>0x14</size>
         <input_file_ref idref="fl-175"/>
      </object_component>
      <object_component id="oc-1c">
         <name>.text:decompress:ZI</name>
         <load_address>0x56e4</load_address>
         <run_address>0x56e4</run_address>
         <size>0x12</size>
         <input_file_ref idref="fl-15b"/>
      </object_component>
      <object_component id="oc-16">
         <name>.text:decompress:none</name>
         <load_address>0x56f6</load_address>
         <run_address>0x56f6</run_address>
         <size>0xe</size>
         <input_file_ref idref="fl-159"/>
      </object_component>
      <object_component id="oc-29">
         <name>.text</name>
         <load_address>0x5704</load_address>
         <run_address>0x5704</run_address>
         <size>0xc</size>
         <input_file_ref idref="fl-4"/>
      </object_component>
      <object_component id="oc-1a2">
         <name>.text:SysCtlDelay</name>
         <load_address>0x5710</load_address>
         <run_address>0x5710</run_address>
         <size>0x6</size>
         <input_file_ref idref="fl-23"/>
      </object_component>
      <object_component id="oc-22">
         <name>.text:decompress:rle24</name>
         <load_address>0x5716</load_address>
         <run_address>0x5716</run_address>
         <size>0x6</size>
         <input_file_ref idref="fl-15a"/>
      </object_component>
      <object_component id="oc-124">
         <name>.const:g_ppui32GPIOIntMapBlizzard</name>
         <load_address>0x5720</load_address>
         <run_address>0x5720</run_address>
         <size>0xc0</size>
         <input_file_ref idref="fl-1a"/>
      </object_component>
      <object_component id="oc-1c3">
         <name>.const:g_pui32Regs</name>
         <load_address>0x57e0</load_address>
         <run_address>0x57e0</run_address>
         <size>0x9c</size>
         <input_file_ref idref="fl-1d"/>
      </object_component>
      <object_component id="oc-127">
         <name>.const</name>
         <load_address>0x587c</load_address>
         <run_address>0x587c</run_address>
         <size>0x4</size>
         <input_file_ref idref="fl-1a"/>
      </object_component>
      <object_component id="oc-1ff">
         <name>.const</name>
         <load_address>0x5880</load_address>
         <run_address>0x5880</run_address>
         <size>0x88</size>
         <input_file_ref idref="fl-16c"/>
      </object_component>
      <object_component id="oc-130">
         <name>.const:g_pui32GPIOBaseAddrs</name>
         <load_address>0x5908</load_address>
         <run_address>0x5908</run_address>
         <size>0x78</size>
         <input_file_ref idref="fl-1a"/>
      </object_component>
      <object_component id="oc-1c0">
         <name>.const</name>
         <load_address>0x5980</load_address>
         <run_address>0x5980</run_address>
         <size>0x70</size>
         <input_file_ref idref="fl-1d"/>
      </object_component>
      <object_component id="oc-1a3">
         <name>.const:g_pui32Xtals</name>
         <load_address>0x59f0</load_address>
         <run_address>0x59f0</run_address>
         <size>0x6c</size>
         <input_file_ref idref="fl-23"/>
      </object_component>
      <object_component id="oc-1ac">
         <name>.const</name>
         <load_address>0x5a5c</load_address>
         <run_address>0x5a5c</run_address>
         <size>0x4</size>
         <input_file_ref idref="fl-27"/>
      </object_component>
      <object_component id="oc-1ec">
         <name>.const</name>
         <load_address>0x5a60</load_address>
         <run_address>0x5a60</run_address>
         <size>0x48</size>
         <input_file_ref idref="fl-171"/>
      </object_component>
      <object_component id="oc-1a9">
         <name>.const:g_ppui32UARTIntMap</name>
         <load_address>0x5aa8</load_address>
         <run_address>0x5aa8</run_address>
         <size>0x40</size>
         <input_file_ref idref="fl-27"/>
      </object_component>
      <object_component id="oc-238">
         <name>.const:p</name>
         <load_address>0x5ae8</load_address>
         <run_address>0x5ae8</run_address>
         <size>0x38</size>
         <input_file_ref idref="fl-180"/>
      </object_component>
      <object_component id="oc-bc">
         <name>.const</name>
         <load_address>0x5b20</load_address>
         <run_address>0x5b20</run_address>
         <size>0x30</size>
         <input_file_ref idref="fl-2"/>
      </object_component>
      <object_component id="oc-1d4">
         <name>.const</name>
         <load_address>0x5b50</load_address>
         <run_address>0x5b50</run_address>
         <size>0x30</size>
         <input_file_ref idref="fl-16d"/>
      </object_component>
      <object_component id="oc-10e">
         <name>.const</name>
         <load_address>0x5b80</load_address>
         <run_address>0x5b80</run_address>
         <size>0x1c</size>
         <input_file_ref idref="fl-11"/>
      </object_component>
      <object_component id="oc-1b1">
         <name>.const:.string</name>
         <load_address>0x5b9c</load_address>
         <run_address>0x5b9c</run_address>
         <size>0x12</size>
         <input_file_ref idref="fl-11"/>
      </object_component>
      <object_component id="oc-295">
         <name>.cinit..data.load</name>
         <load_address>0x5bb0</load_address>
         <run_address>0x5bb0</run_address>
         <size>0x73</size>
      </object_component>
      <object_component id="oc-292">
         <name>__TI_handler_table</name>
         <load_address>0x5c24</load_address>
         <run_address>0x5c24</run_address>
         <size>0xc</size>
      </object_component>
      <object_component id="oc-296">
         <name>.cinit..bss.load</name>
         <load_address>0x5c30</load_address>
         <run_address>0x5c30</run_address>
         <size>0x8</size>
      </object_component>
      <object_component id="oc-294">
         <name>.cinit..vtable.load</name>
         <load_address>0x5c38</load_address>
         <run_address>0x5c38</run_address>
         <size>0x8</size>
      </object_component>
      <object_component id="oc-293">
         <name>__TI_cinit_table</name>
         <load_address>0x5c40</load_address>
         <run_address>0x5c40</run_address>
         <size>0x18</size>
      </object_component>
      <object_component id="oc-1bd">
         <name>.vtable</name>
         <uninitialized>true</uninitialized>
         <run_address>0x20000000</run_address>
         <size>0x26c</size>
         <input_file_ref idref="fl-1d"/>
      </object_component>
      <object_component id="oc-49">
         <name>.data</name>
         <load_address>0x2000063c</load_address>
         <run_address>0x2000063c</run_address>
         <size>0x4</size>
         <input_file_ref idref="fl-169"/>
      </object_component>
      <object_component id="oc-74">
         <name>.data</name>
         <load_address>0x20000608</load_address>
         <run_address>0x20000608</run_address>
         <size>0xe</size>
         <input_file_ref idref="fl-2"/>
      </object_component>
      <object_component id="oc-e5">
         <name>.data</name>
         <load_address>0x20000618</load_address>
         <run_address>0x20000618</run_address>
         <size>0x8</size>
         <input_file_ref idref="fl-175"/>
      </object_component>
      <object_component id="oc-e8">
         <name>.data</name>
         <load_address>0x20000620</load_address>
         <run_address>0x20000620</run_address>
         <size>0x8</size>
         <input_file_ref idref="fl-15c"/>
      </object_component>
      <object_component id="oc-111">
         <name>.data</name>
         <load_address>0x20000630</load_address>
         <run_address>0x20000630</run_address>
         <size>0x5</size>
         <input_file_ref idref="fl-11"/>
      </object_component>
      <object_component id="oc-161">
         <name>.data</name>
         <load_address>0x20000520</load_address>
         <run_address>0x20000520</run_address>
         <size>0x80</size>
         <input_file_ref idref="fl-174"/>
      </object_component>
      <object_component id="oc-17d">
         <name>.data</name>
         <load_address>0x200005a0</load_address>
         <run_address>0x200005a0</run_address>
         <size>0x68</size>
         <input_file_ref idref="fl-173"/>
      </object_component>
      <object_component id="oc-1df">
         <name>.data</name>
         <load_address>0x20000638</load_address>
         <run_address>0x20000638</run_address>
         <size>0x4</size>
         <input_file_ref idref="fl-179"/>
      </object_component>
      <object_component id="oc-232">
         <name>.data</name>
         <load_address>0x20000628</load_address>
         <run_address>0x20000628</run_address>
         <size>0x8</size>
         <input_file_ref idref="fl-17b"/>
      </object_component>
      <object_component id="oc-264">
         <name>.data:sigtable</name>
         <load_address>0x20000470</load_address>
         <run_address>0x20000470</run_address>
         <size>0xb0</size>
         <input_file_ref idref="fl-17e"/>
      </object_component>
      <object_component id="oc-c1">
         <name>.common:base_accel_xyz</name>
         <uninitialized>true</uninitialized>
         <run_address>0x20000658</run_address>
         <size>0x18</size>
      </object_component>
      <object_component id="oc-c4">
         <name>.common:base_gyro_xyz</name>
         <uninitialized>true</uninitialized>
         <run_address>0x20000670</run_address>
         <size>0x18</size>
      </object_component>
      <object_component id="oc-c9">
         <name>.common:angle_xyz_f</name>
         <uninitialized>true</uninitialized>
         <run_address>0x20000640</run_address>
         <size>0x18</size>
      </object_component>
      <object_component id="oc-c7">
         <name>.common:clock_10us</name>
         <uninitialized>true</uninitialized>
         <run_address>0x20000688</run_address>
         <size>0x4</size>
      </object_component>
      <object_component id="oc-28">
         <name>.stack</name>
         <uninitialized>true</uninitialized>
         <run_address>0x2000026c</run_address>
         <size>0x0</size>
         <input_file_ref idref="fl-158"/>
      </object_component>
      <object_component id="oc-297">
         <name>.stack</name>
         <uninitialized>true</uninitialized>
         <run_address>0x2000026c</run_address>
         <size>0x0</size>
      </object_component>
      <object_component id="oc-f">
         <name>.debug_info</name>
         <load_address>0x0</load_address>
         <run_address>0x0</run_address>
         <size>0xdc</size>
         <input_file_ref idref="fl-4"/>
      </object_component>
      <object_component id="oc-12">
         <name>.debug_info</name>
         <load_address>0xdc</load_address>
         <run_address>0xdc</run_address>
         <size>0xf3</size>
         <input_file_ref idref="fl-158"/>
      </object_component>
      <object_component id="oc-17">
         <name>.debug_info</name>
         <load_address>0x1cf</load_address>
         <run_address>0x1cf</run_address>
         <size>0x194</size>
         <input_file_ref idref="fl-159"/>
      </object_component>
      <object_component id="oc-1d">
         <name>.debug_info</name>
         <load_address>0x363</load_address>
         <run_address>0x363</run_address>
         <size>0x16a</size>
         <input_file_ref idref="fl-15b"/>
      </object_component>
      <object_component id="oc-23">
         <name>.debug_info</name>
         <load_address>0x4cd</load_address>
         <run_address>0x4cd</run_address>
         <size>0x18e</size>
         <input_file_ref idref="fl-15a"/>
      </object_component>
      <object_component id="oc-2a">
         <name>.debug_info</name>
         <load_address>0x65b</load_address>
         <run_address>0x65b</run_address>
         <size>0x258</size>
         <input_file_ref idref="fl-4"/>
      </object_component>
      <object_component id="oc-30">
         <name>.debug_info</name>
         <load_address>0x8b3</load_address>
         <run_address>0x8b3</run_address>
         <size>0x1bd3</size>
         <input_file_ref idref="fl-2"/>
      </object_component>
      <object_component id="oc-37">
         <name>.debug_info</name>
         <load_address>0x2486</load_address>
         <run_address>0x2486</run_address>
         <size>0x145</size>
         <input_file_ref idref="fl-4"/>
      </object_component>
      <object_component id="oc-39">
         <name>.debug_info</name>
         <load_address>0x25cb</load_address>
         <run_address>0x25cb</run_address>
         <size>0x13d</size>
         <input_file_ref idref="fl-177"/>
      </object_component>
      <object_component id="oc-3e">
         <name>.debug_info</name>
         <load_address>0x2708</load_address>
         <run_address>0x2708</run_address>
         <size>0x11c</size>
         <input_file_ref idref="fl-176"/>
      </object_component>
      <object_component id="oc-44">
         <name>.debug_info</name>
         <load_address>0x2824</load_address>
         <run_address>0x2824</run_address>
         <size>0x1c2</size>
         <input_file_ref idref="fl-15c"/>
      </object_component>
      <object_component id="oc-4a">
         <name>.debug_info</name>
         <load_address>0x29e6</load_address>
         <run_address>0x29e6</run_address>
         <size>0xbe</size>
         <input_file_ref idref="fl-169"/>
      </object_component>
      <object_component id="oc-4e">
         <name>.debug_info</name>
         <load_address>0x2aa4</load_address>
         <run_address>0x2aa4</run_address>
         <size>0xcc</size>
         <input_file_ref idref="fl-164"/>
      </object_component>
      <object_component id="oc-53">
         <name>.debug_info</name>
         <load_address>0x2b70</load_address>
         <run_address>0x2b70</run_address>
         <size>0x46</size>
         <input_file_ref idref="fl-159"/>
      </object_component>
      <object_component id="oc-58">
         <name>.debug_info</name>
         <load_address>0x2bb6</load_address>
         <run_address>0x2bb6</run_address>
         <size>0xf2</size>
         <input_file_ref idref="fl-159"/>
      </object_component>
      <object_component id="oc-5a">
         <name>.debug_info</name>
         <load_address>0x2ca8</load_address>
         <run_address>0x2ca8</run_address>
         <size>0x46</size>
         <input_file_ref idref="fl-15b"/>
      </object_component>
      <object_component id="oc-5f">
         <name>.debug_info</name>
         <load_address>0x2cee</load_address>
         <run_address>0x2cee</run_address>
         <size>0xad</size>
         <input_file_ref idref="fl-15b"/>
      </object_component>
      <object_component id="oc-61">
         <name>.debug_info</name>
         <load_address>0x2d9b</load_address>
         <run_address>0x2d9b</run_address>
         <size>0x1ef</size>
         <input_file_ref idref="fl-15a"/>
      </object_component>
      <object_component id="oc-67">
         <name>.debug_info</name>
         <load_address>0x2f8a</load_address>
         <run_address>0x2f8a</run_address>
         <size>0xb7</size>
         <input_file_ref idref="fl-15a"/>
      </object_component>
      <object_component id="oc-68">
         <name>.debug_info</name>
         <load_address>0x3041</load_address>
         <run_address>0x3041</run_address>
         <size>0x39</size>
         <input_file_ref idref="fl-15a"/>
      </object_component>
      <object_component id="oc-6f">
         <name>.debug_info</name>
         <load_address>0x307a</load_address>
         <run_address>0x307a</run_address>
         <size>0x7bf</size>
         <input_file_ref idref="fl-11"/>
      </object_component>
      <object_component id="oc-75">
         <name>.debug_info</name>
         <load_address>0x3839</load_address>
         <run_address>0x3839</run_address>
         <size>0xd1</size>
         <input_file_ref idref="fl-2"/>
      </object_component>
      <object_component id="oc-78">
         <name>.debug_info</name>
         <load_address>0x390a</load_address>
         <run_address>0x390a</run_address>
         <size>0x399</size>
         <input_file_ref idref="fl-2"/>
      </object_component>
      <object_component id="oc-7b">
         <name>.debug_info</name>
         <load_address>0x3ca3</load_address>
         <run_address>0x3ca3</run_address>
         <size>0x29a6</size>
         <input_file_ref idref="fl-1a"/>
      </object_component>
      <object_component id="oc-81">
         <name>.debug_info</name>
         <load_address>0x6649</load_address>
         <run_address>0x6649</run_address>
         <size>0xa80</size>
         <input_file_ref idref="fl-3"/>
      </object_component>
      <object_component id="oc-87">
         <name>.debug_info</name>
         <load_address>0x70c9</load_address>
         <run_address>0x70c9</run_address>
         <size>0xdf</size>
         <input_file_ref idref="fl-163"/>
      </object_component>
      <object_component id="oc-8c">
         <name>.debug_info</name>
         <load_address>0x71a8</load_address>
         <run_address>0x71a8</run_address>
         <size>0xff</size>
         <input_file_ref idref="fl-15d"/>
      </object_component>
      <object_component id="oc-91">
         <name>.debug_info</name>
         <load_address>0x72a7</load_address>
         <run_address>0x72a7</run_address>
         <size>0xed</size>
         <input_file_ref idref="fl-15f"/>
      </object_component>
      <object_component id="oc-96">
         <name>.debug_info</name>
         <load_address>0x7394</load_address>
         <run_address>0x7394</run_address>
         <size>0x537</size>
         <input_file_ref idref="fl-166"/>
      </object_component>
      <object_component id="oc-9c">
         <name>.debug_info</name>
         <load_address>0x78cb</load_address>
         <run_address>0x78cb</run_address>
         <size>0x237</size>
         <input_file_ref idref="fl-167"/>
      </object_component>
      <object_component id="oc-a4">
         <name>.debug_info</name>
         <load_address>0x7b02</load_address>
         <run_address>0x7b02</run_address>
         <size>0x1b0</size>
         <input_file_ref idref="fl-157"/>
      </object_component>
      <object_component id="oc-a8">
         <name>.debug_info</name>
         <load_address>0x7cb2</load_address>
         <run_address>0x7cb2</run_address>
         <size>0xed</size>
         <input_file_ref idref="fl-160"/>
      </object_component>
      <object_component id="oc-ad">
         <name>.debug_info</name>
         <load_address>0x7d9f</load_address>
         <run_address>0x7d9f</run_address>
         <size>0xe8</size>
         <input_file_ref idref="fl-161"/>
      </object_component>
      <object_component id="oc-b2">
         <name>.debug_info</name>
         <load_address>0x7e87</load_address>
         <run_address>0x7e87</run_address>
         <size>0x10d</size>
         <input_file_ref idref="fl-168"/>
      </object_component>
      <object_component id="oc-b8">
         <name>.debug_info</name>
         <load_address>0x7f94</load_address>
         <run_address>0x7f94</run_address>
         <size>0xdf</size>
         <input_file_ref idref="fl-162"/>
      </object_component>
      <object_component id="oc-bd">
         <name>.debug_info</name>
         <load_address>0x8073</load_address>
         <run_address>0x8073</run_address>
         <size>0xdd</size>
         <input_file_ref idref="fl-2"/>
      </object_component>
      <object_component id="oc-cb">
         <name>.debug_info</name>
         <load_address>0x8150</load_address>
         <run_address>0x8150</run_address>
         <size>0x18b</size>
         <input_file_ref idref="fl-2"/>
      </object_component>
      <object_component id="oc-d0">
         <name>.debug_info</name>
         <load_address>0x82db</load_address>
         <run_address>0x82db</run_address>
         <size>0x8b</size>
         <input_file_ref idref="fl-2"/>
      </object_component>
      <object_component id="oc-d7">
         <name>.debug_info</name>
         <load_address>0x8366</load_address>
         <run_address>0x8366</run_address>
         <size>0x84</size>
         <input_file_ref idref="fl-4"/>
      </object_component>
      <object_component id="oc-dd">
         <name>.debug_info</name>
         <load_address>0x83ea</load_address>
         <run_address>0x83ea</run_address>
         <size>0x14b</size>
         <input_file_ref idref="fl-178"/>
      </object_component>
      <object_component id="oc-e4">
         <name>.debug_info</name>
         <load_address>0x8535</load_address>
         <run_address>0x8535</run_address>
         <size>0x11b</size>
         <input_file_ref idref="fl-176"/>
      </object_component>
      <object_component id="oc-e6">
         <name>.debug_info</name>
         <load_address>0x8650</load_address>
         <run_address>0x8650</run_address>
         <size>0xc8</size>
         <input_file_ref idref="fl-175"/>
      </object_component>
      <object_component id="oc-e9">
         <name>.debug_info</name>
         <load_address>0x8718</load_address>
         <run_address>0x8718</run_address>
         <size>0xeb</size>
         <input_file_ref idref="fl-15c"/>
      </object_component>
      <object_component id="oc-ec">
         <name>.debug_info</name>
         <load_address>0x8803</load_address>
         <run_address>0x8803</run_address>
         <size>0x146</size>
         <input_file_ref idref="fl-15c"/>
      </object_component>
      <object_component id="oc-f1">
         <name>.debug_info</name>
         <load_address>0x8949</load_address>
         <run_address>0x8949</run_address>
         <size>0x2c</size>
         <input_file_ref idref="fl-159"/>
      </object_component>
      <object_component id="oc-f8">
         <name>.debug_info</name>
         <load_address>0x8975</load_address>
         <run_address>0x8975</run_address>
         <size>0x2c</size>
         <input_file_ref idref="fl-5"/>
      </object_component>
      <object_component id="oc-103">
         <name>.debug_info</name>
         <load_address>0x89a1</load_address>
         <run_address>0x89a1</run_address>
         <size>0x1a6d</size>
         <input_file_ref idref="fl-23"/>
      </object_component>
      <object_component id="oc-109">
         <name>.debug_info</name>
         <load_address>0xa40e</load_address>
         <run_address>0xa40e</run_address>
         <size>0x264c</size>
         <input_file_ref idref="fl-27"/>
      </object_component>
      <object_component id="oc-10f">
         <name>.debug_info</name>
         <load_address>0xca5a</load_address>
         <run_address>0xca5a</run_address>
         <size>0x124</size>
         <input_file_ref idref="fl-11"/>
      </object_component>
      <object_component id="oc-112">
         <name>.debug_info</name>
         <load_address>0xcb7e</load_address>
         <run_address>0xcb7e</run_address>
         <size>0xce</size>
         <input_file_ref idref="fl-11"/>
      </object_component>
      <object_component id="oc-115">
         <name>.debug_info</name>
         <load_address>0xcc4c</load_address>
         <run_address>0xcc4c</run_address>
         <size>0x137</size>
         <input_file_ref idref="fl-16b"/>
      </object_component>
      <object_component id="oc-11a">
         <name>.debug_info</name>
         <load_address>0xcd83</load_address>
         <run_address>0xcd83</run_address>
         <size>0x231</size>
         <input_file_ref idref="fl-11"/>
      </object_component>
      <object_component id="oc-11b">
         <name>.debug_info</name>
         <load_address>0xcfb4</load_address>
         <run_address>0xcfb4</run_address>
         <size>0x4e</size>
         <input_file_ref idref="fl-2"/>
      </object_component>
      <object_component id="oc-125">
         <name>.debug_info</name>
         <load_address>0xd002</load_address>
         <run_address>0xd002</run_address>
         <size>0xed</size>
         <input_file_ref idref="fl-1a"/>
      </object_component>
      <object_component id="oc-128">
         <name>.debug_info</name>
         <load_address>0xd0ef</load_address>
         <run_address>0xd0ef</run_address>
         <size>0xf1</size>
         <input_file_ref idref="fl-1a"/>
      </object_component>
      <object_component id="oc-12b">
         <name>.debug_info</name>
         <load_address>0xd1e0</load_address>
         <run_address>0xd1e0</run_address>
         <size>0xcdd</size>
         <input_file_ref idref="fl-1d"/>
      </object_component>
      <object_component id="oc-131">
         <name>.debug_info</name>
         <load_address>0xdebd</load_address>
         <run_address>0xdebd</run_address>
         <size>0xe1</size>
         <input_file_ref idref="fl-1a"/>
      </object_component>
      <object_component id="oc-134">
         <name>.debug_info</name>
         <load_address>0xdf9e</load_address>
         <run_address>0xdf9e</run_address>
         <size>0x1a2</size>
         <input_file_ref idref="fl-1a"/>
      </object_component>
      <object_component id="oc-13a">
         <name>.debug_info</name>
         <load_address>0xe140</load_address>
         <run_address>0xe140</run_address>
         <size>0x147</size>
         <input_file_ref idref="fl-170"/>
      </object_component>
      <object_component id="oc-140">
         <name>.debug_info</name>
         <load_address>0xe287</load_address>
         <run_address>0xe287</run_address>
         <size>0x176</size>
         <input_file_ref idref="fl-16d"/>
      </object_component>
      <object_component id="oc-146">
         <name>.debug_info</name>
         <load_address>0xe3fd</load_address>
         <run_address>0xe3fd</run_address>
         <size>0xdb</size>
         <input_file_ref idref="fl-15e"/>
      </object_component>
      <object_component id="oc-14b">
         <name>.debug_info</name>
         <load_address>0xe4d8</load_address>
         <run_address>0xe4d8</run_address>
         <size>0x127</size>
         <input_file_ref idref="fl-172"/>
      </object_component>
      <object_component id="oc-151">
         <name>.debug_info</name>
         <load_address>0xe5ff</load_address>
         <run_address>0xe5ff</run_address>
         <size>0xe1</size>
         <input_file_ref idref="fl-17a"/>
      </object_component>
      <object_component id="oc-156">
         <name>.debug_info</name>
         <load_address>0xe6e0</load_address>
         <run_address>0xe6e0</run_address>
         <size>0xff</size>
         <input_file_ref idref="fl-17c"/>
      </object_component>
      <object_component id="oc-15c">
         <name>.debug_info</name>
         <load_address>0xe7df</load_address>
         <run_address>0xe7df</run_address>
         <size>0x39a</size>
         <input_file_ref idref="fl-171"/>
      </object_component>
      <object_component id="oc-162">
         <name>.debug_info</name>
         <load_address>0xeb79</load_address>
         <run_address>0xeb79</run_address>
         <size>0x189</size>
         <input_file_ref idref="fl-174"/>
      </object_component>
      <object_component id="oc-165">
         <name>.debug_info</name>
         <load_address>0xed02</load_address>
         <run_address>0xed02</run_address>
         <size>0x1a7</size>
         <input_file_ref idref="fl-166"/>
      </object_component>
      <object_component id="oc-167">
         <name>.debug_info</name>
         <load_address>0xeea9</load_address>
         <run_address>0xeea9</run_address>
         <size>0x172</size>
         <input_file_ref idref="fl-16e"/>
      </object_component>
      <object_component id="oc-16e">
         <name>.debug_info</name>
         <load_address>0xf01b</load_address>
         <run_address>0xf01b</run_address>
         <size>0x10f</size>
         <input_file_ref idref="fl-16f"/>
      </object_component>
      <object_component id="oc-174">
         <name>.debug_info</name>
         <load_address>0xf12a</load_address>
         <run_address>0xf12a</run_address>
         <size>0x300</size>
         <input_file_ref idref="fl-16c"/>
      </object_component>
      <object_component id="oc-17a">
         <name>.debug_info</name>
         <load_address>0xf42a</load_address>
         <run_address>0xf42a</run_address>
         <size>0xe0</size>
         <input_file_ref idref="fl-157"/>
      </object_component>
      <object_component id="oc-17e">
         <name>.debug_info</name>
         <load_address>0xf50a</load_address>
         <run_address>0xf50a</run_address>
         <size>0x179</size>
         <input_file_ref idref="fl-173"/>
      </object_component>
      <object_component id="oc-181">
         <name>.debug_info</name>
         <load_address>0xf683</load_address>
         <run_address>0xf683</run_address>
         <size>0xfa</size>
         <input_file_ref idref="fl-168"/>
      </object_component>
      <object_component id="oc-186">
         <name>.debug_info</name>
         <load_address>0xf77d</load_address>
         <run_address>0xf77d</run_address>
         <size>0x148</size>
         <input_file_ref idref="fl-178"/>
      </object_component>
      <object_component id="oc-189">
         <name>.debug_info</name>
         <load_address>0xf8c5</load_address>
         <run_address>0xf8c5</run_address>
         <size>0x5e</size>
         <input_file_ref idref="fl-176"/>
      </object_component>
      <object_component id="oc-18f">
         <name>.debug_info</name>
         <load_address>0xf923</load_address>
         <run_address>0xf923</run_address>
         <size>0x1d4</size>
         <input_file_ref idref="fl-175"/>
      </object_component>
      <object_component id="oc-196">
         <name>.debug_info</name>
         <load_address>0xfaf7</load_address>
         <run_address>0xfaf7</run_address>
         <size>0xd9</size>
         <input_file_ref idref="fl-175"/>
      </object_component>
      <object_component id="oc-19d">
         <name>.debug_info</name>
         <load_address>0xfbd0</load_address>
         <run_address>0xfbd0</run_address>
         <size>0x329</size>
         <input_file_ref idref="fl-16"/>
      </object_component>
      <object_component id="oc-1a4">
         <name>.debug_info</name>
         <load_address>0xfef9</load_address>
         <run_address>0xfef9</run_address>
         <size>0xd3</size>
         <input_file_ref idref="fl-23"/>
      </object_component>
      <object_component id="oc-1a7">
         <name>.debug_info</name>
         <load_address>0xffcc</load_address>
         <run_address>0xffcc</run_address>
         <size>0x279</size>
         <input_file_ref idref="fl-23"/>
      </object_component>
      <object_component id="oc-1aa">
         <name>.debug_info</name>
         <load_address>0x10245</load_address>
         <run_address>0x10245</run_address>
         <size>0xdd</size>
         <input_file_ref idref="fl-27"/>
      </object_component>
      <object_component id="oc-1ad">
         <name>.debug_info</name>
         <load_address>0x10322</load_address>
         <run_address>0x10322</run_address>
         <size>0xdf</size>
         <input_file_ref idref="fl-27"/>
      </object_component>
      <object_component id="oc-1b0">
         <name>.debug_info</name>
         <load_address>0x10401</load_address>
         <run_address>0x10401</run_address>
         <size>0x194</size>
         <input_file_ref idref="fl-27"/>
      </object_component>
      <object_component id="oc-1be">
         <name>.debug_info</name>
         <load_address>0x10595</load_address>
         <run_address>0x10595</run_address>
         <size>0xdd</size>
         <input_file_ref idref="fl-1d"/>
      </object_component>
      <object_component id="oc-1c1">
         <name>.debug_info</name>
         <load_address>0x10672</load_address>
         <run_address>0x10672</run_address>
         <size>0x196</size>
         <input_file_ref idref="fl-1d"/>
      </object_component>
      <object_component id="oc-1c4">
         <name>.debug_info</name>
         <load_address>0x10808</load_address>
         <run_address>0x10808</run_address>
         <size>0xd4</size>
         <input_file_ref idref="fl-1d"/>
      </object_component>
      <object_component id="oc-1c7">
         <name>.debug_info</name>
         <load_address>0x108dc</load_address>
         <run_address>0x108dc</run_address>
         <size>0x18a</size>
         <input_file_ref idref="fl-1d"/>
      </object_component>
      <object_component id="oc-1cd">
         <name>.debug_info</name>
         <load_address>0x10a66</load_address>
         <run_address>0x10a66</run_address>
         <size>0x121</size>
         <input_file_ref idref="fl-17f"/>
      </object_component>
      <object_component id="oc-1d3">
         <name>.debug_info</name>
         <load_address>0x10b87</load_address>
         <run_address>0x10b87</run_address>
         <size>0xcf</size>
         <input_file_ref idref="fl-170"/>
      </object_component>
      <object_component id="oc-1d6">
         <name>.debug_info</name>
         <load_address>0x10c56</load_address>
         <run_address>0x10c56</run_address>
         <size>0x10f</size>
         <input_file_ref idref="fl-16d"/>
      </object_component>
      <object_component id="oc-1da">
         <name>.debug_info</name>
         <load_address>0x10d65</load_address>
         <run_address>0x10d65</run_address>
         <size>0x143</size>
         <input_file_ref idref="fl-17b"/>
      </object_component>
      <object_component id="oc-1e0">
         <name>.debug_info</name>
         <load_address>0x10ea8</load_address>
         <run_address>0x10ea8</run_address>
         <size>0xaa</size>
         <input_file_ref idref="fl-179"/>
      </object_component>
      <object_component id="oc-1e5">
         <name>.debug_info</name>
         <load_address>0x10f52</load_address>
         <run_address>0x10f52</run_address>
         <size>0x4a5</size>
         <input_file_ref idref="fl-180"/>
      </object_component>
      <object_component id="oc-1eb">
         <name>.debug_info</name>
         <load_address>0x113f7</load_address>
         <run_address>0x113f7</run_address>
         <size>0xb4</size>
         <input_file_ref idref="fl-17c"/>
      </object_component>
      <object_component id="oc-1ed">
         <name>.debug_info</name>
         <load_address>0x114ab</load_address>
         <run_address>0x114ab</run_address>
         <size>0x111</size>
         <input_file_ref idref="fl-171"/>
      </object_component>
      <object_component id="oc-1f0">
         <name>.debug_info</name>
         <load_address>0x115bc</load_address>
         <run_address>0x115bc</run_address>
         <size>0x147</size>
         <input_file_ref idref="fl-171"/>
      </object_component>
      <object_component id="oc-1f4">
         <name>.debug_info</name>
         <load_address>0x11703</load_address>
         <run_address>0x11703</run_address>
         <size>0x86</size>
         <input_file_ref idref="fl-2"/>
      </object_component>
      <object_component id="oc-1fc">
         <name>.debug_info</name>
         <load_address>0x11789</load_address>
         <run_address>0x11789</run_address>
         <size>0xe5</size>
         <input_file_ref idref="fl-16e"/>
      </object_component>
      <object_component id="oc-1fe">
         <name>.debug_info</name>
         <load_address>0x1186e</load_address>
         <run_address>0x1186e</run_address>
         <size>0x9a</size>
         <input_file_ref idref="fl-16f"/>
      </object_component>
      <object_component id="oc-200">
         <name>.debug_info</name>
         <load_address>0x11908</load_address>
         <run_address>0x11908</run_address>
         <size>0xf2</size>
         <input_file_ref idref="fl-16c"/>
      </object_component>
      <object_component id="oc-20b">
         <name>.debug_info</name>
         <load_address>0x119fa</load_address>
         <run_address>0x119fa</run_address>
         <size>0xcd</size>
         <input_file_ref idref="fl-178"/>
      </object_component>
      <object_component id="oc-227">
         <name>.debug_info</name>
         <load_address>0x11ac7</load_address>
         <run_address>0x11ac7</run_address>
         <size>0x9a</size>
         <input_file_ref idref="fl-17f"/>
      </object_component>
      <object_component id="oc-22d">
         <name>.debug_info</name>
         <load_address>0x11b61</load_address>
         <run_address>0x11b61</run_address>
         <size>0x128</size>
         <input_file_ref idref="fl-17d"/>
      </object_component>
      <object_component id="oc-233">
         <name>.debug_info</name>
         <load_address>0x11c89</load_address>
         <run_address>0x11c89</run_address>
         <size>0xe2</size>
         <input_file_ref idref="fl-17b"/>
      </object_component>
      <object_component id="oc-239">
         <name>.debug_info</name>
         <load_address>0x11d6b</load_address>
         <run_address>0x11d6b</run_address>
         <size>0x9f</size>
         <input_file_ref idref="fl-180"/>
      </object_component>
      <object_component id="oc-23c">
         <name>.debug_info</name>
         <load_address>0x11e0a</load_address>
         <run_address>0x11e0a</run_address>
         <size>0x138</size>
         <input_file_ref idref="fl-180"/>
      </object_component>
      <object_component id="oc-249">
         <name>.debug_info</name>
         <load_address>0x11f42</load_address>
         <run_address>0x11f42</run_address>
         <size>0x11a</size>
         <input_file_ref idref="fl-16c"/>
      </object_component>
      <object_component id="oc-24e">
         <name>.debug_info</name>
         <load_address>0x1205c</load_address>
         <run_address>0x1205c</run_address>
         <size>0x13e</size>
         <input_file_ref idref="fl-17e"/>
      </object_component>
      <object_component id="oc-254">
         <name>.debug_info</name>
         <load_address>0x1219a</load_address>
         <run_address>0x1219a</run_address>
         <size>0xd1</size>
         <input_file_ref idref="fl-17d"/>
      </object_component>
      <object_component id="oc-257">
         <name>.debug_info</name>
         <load_address>0x1226b</load_address>
         <run_address>0x1226b</run_address>
         <size>0x6f</size>
         <input_file_ref idref="fl-17b"/>
      </object_component>
      <object_component id="oc-25c">
         <name>.debug_info</name>
         <load_address>0x122da</load_address>
         <run_address>0x122da</run_address>
         <size>0x112</size>
         <input_file_ref idref="fl-17b"/>
      </object_component>
      <object_component id="oc-265">
         <name>.debug_info</name>
         <load_address>0x123ec</load_address>
         <run_address>0x123ec</run_address>
         <size>0xaf</size>
         <input_file_ref idref="fl-17e"/>
      </object_component>
      <object_component id="oc-268">
         <name>.debug_info</name>
         <load_address>0x1249b</load_address>
         <run_address>0x1249b</run_address>
         <size>0xf1</size>
         <input_file_ref idref="fl-17e"/>
      </object_component>
      <object_component id="oc-26b">
         <name>.debug_info</name>
         <load_address>0x1258c</load_address>
         <run_address>0x1258c</run_address>
         <size>0x2c</size>
         <input_file_ref idref="fl-17d"/>
      </object_component>
      <object_component id="oc-298">
         <name>.debug_info</name>
         <load_address>0x125b8</load_address>
         <run_address>0x125b8</run_address>
         <size>0x96</size>
      </object_component>
      <object_component id="oc-10">
         <name>.debug_pubnames</name>
         <load_address>0x0</load_address>
         <run_address>0x0</run_address>
         <size>0x23</size>
         <input_file_ref idref="fl-4"/>
      </object_component>
      <object_component id="oc-14">
         <name>.debug_pubnames</name>
         <load_address>0x23</load_address>
         <run_address>0x23</run_address>
         <size>0x1f</size>
         <input_file_ref idref="fl-158"/>
      </object_component>
      <object_component id="oc-19">
         <name>.debug_pubnames</name>
         <load_address>0x42</load_address>
         <run_address>0x42</run_address>
         <size>0x2b</size>
         <input_file_ref idref="fl-159"/>
      </object_component>
      <object_component id="oc-1f">
         <name>.debug_pubnames</name>
         <load_address>0x6d</load_address>
         <run_address>0x6d</run_address>
         <size>0x25</size>
         <input_file_ref idref="fl-15b"/>
      </object_component>
      <object_component id="oc-25">
         <name>.debug_pubnames</name>
         <load_address>0x92</load_address>
         <run_address>0x92</run_address>
         <size>0x2c</size>
         <input_file_ref idref="fl-15a"/>
      </object_component>
      <object_component id="oc-2c">
         <name>.debug_pubnames</name>
         <load_address>0xbe</load_address>
         <run_address>0xbe</run_address>
         <size>0x4c</size>
         <input_file_ref idref="fl-4"/>
      </object_component>
      <object_component id="oc-32">
         <name>.debug_pubnames</name>
         <load_address>0x10a</load_address>
         <run_address>0x10a</run_address>
         <size>0x1af</size>
         <input_file_ref idref="fl-2"/>
      </object_component>
      <object_component id="oc-3b">
         <name>.debug_pubnames</name>
         <load_address>0x2b9</load_address>
         <run_address>0x2b9</run_address>
         <size>0x37</size>
         <input_file_ref idref="fl-177"/>
      </object_component>
      <object_component id="oc-40">
         <name>.debug_pubnames</name>
         <load_address>0x2f0</load_address>
         <run_address>0x2f0</run_address>
         <size>0x21</size>
         <input_file_ref idref="fl-176"/>
      </object_component>
      <object_component id="oc-46">
         <name>.debug_pubnames</name>
         <load_address>0x311</load_address>
         <run_address>0x311</run_address>
         <size>0x35</size>
         <input_file_ref idref="fl-15c"/>
      </object_component>
      <object_component id="oc-4b">
         <name>.debug_pubnames</name>
         <load_address>0x346</load_address>
         <run_address>0x346</run_address>
         <size>0x23</size>
         <input_file_ref idref="fl-169"/>
      </object_component>
      <object_component id="oc-50">
         <name>.debug_pubnames</name>
         <load_address>0x369</load_address>
         <run_address>0x369</run_address>
         <size>0x1d</size>
         <input_file_ref idref="fl-164"/>
      </object_component>
      <object_component id="oc-63">
         <name>.debug_pubnames</name>
         <load_address>0x386</load_address>
         <run_address>0x386</run_address>
         <size>0x2f</size>
         <input_file_ref idref="fl-15a"/>
      </object_component>
      <object_component id="oc-71">
         <name>.debug_pubnames</name>
         <load_address>0x3b5</load_address>
         <run_address>0x3b5</run_address>
         <size>0x6d</size>
         <input_file_ref idref="fl-11"/>
      </object_component>
      <object_component id="oc-76">
         <name>.debug_pubnames</name>
         <load_address>0x422</load_address>
         <run_address>0x422</run_address>
         <size>0x28</size>
         <input_file_ref idref="fl-2"/>
      </object_component>
      <object_component id="oc-79">
         <name>.debug_pubnames</name>
         <load_address>0x44a</load_address>
         <run_address>0x44a</run_address>
         <size>0x64</size>
         <input_file_ref idref="fl-2"/>
      </object_component>
      <object_component id="oc-7d">
         <name>.debug_pubnames</name>
         <load_address>0x4ae</load_address>
         <run_address>0x4ae</run_address>
         <size>0x394</size>
         <input_file_ref idref="fl-1a"/>
      </object_component>
      <object_component id="oc-83">
         <name>.debug_pubnames</name>
         <load_address>0x842</load_address>
         <run_address>0x842</run_address>
         <size>0x8d</size>
         <input_file_ref idref="fl-3"/>
      </object_component>
      <object_component id="oc-89">
         <name>.debug_pubnames</name>
         <load_address>0x8cf</load_address>
         <run_address>0x8cf</run_address>
         <size>0x22</size>
         <input_file_ref idref="fl-163"/>
      </object_component>
      <object_component id="oc-8e">
         <name>.debug_pubnames</name>
         <load_address>0x8f1</load_address>
         <run_address>0x8f1</run_address>
         <size>0x23</size>
         <input_file_ref idref="fl-15d"/>
      </object_component>
      <object_component id="oc-93">
         <name>.debug_pubnames</name>
         <load_address>0x914</load_address>
         <run_address>0x914</run_address>
         <size>0x23</size>
         <input_file_ref idref="fl-15f"/>
      </object_component>
      <object_component id="oc-98">
         <name>.debug_pubnames</name>
         <load_address>0x937</load_address>
         <run_address>0x937</run_address>
         <size>0x1a</size>
         <input_file_ref idref="fl-166"/>
      </object_component>
      <object_component id="oc-9e">
         <name>.debug_pubnames</name>
         <load_address>0x951</load_address>
         <run_address>0x951</run_address>
         <size>0x1b</size>
         <input_file_ref idref="fl-167"/>
      </object_component>
      <object_component id="oc-a5">
         <name>.debug_pubnames</name>
         <load_address>0x96c</load_address>
         <run_address>0x96c</run_address>
         <size>0x1c</size>
         <input_file_ref idref="fl-157"/>
      </object_component>
      <object_component id="oc-aa">
         <name>.debug_pubnames</name>
         <load_address>0x988</load_address>
         <run_address>0x988</run_address>
         <size>0x23</size>
         <input_file_ref idref="fl-160"/>
      </object_component>
      <object_component id="oc-af">
         <name>.debug_pubnames</name>
         <load_address>0x9ab</load_address>
         <run_address>0x9ab</run_address>
         <size>0x22</size>
         <input_file_ref idref="fl-161"/>
      </object_component>
      <object_component id="oc-b4">
         <name>.debug_pubnames</name>
         <load_address>0x9cd</load_address>
         <run_address>0x9cd</run_address>
         <size>0x1c</size>
         <input_file_ref idref="fl-168"/>
      </object_component>
      <object_component id="oc-ba">
         <name>.debug_pubnames</name>
         <load_address>0x9e9</load_address>
         <run_address>0x9e9</run_address>
         <size>0x22</size>
         <input_file_ref idref="fl-162"/>
      </object_component>
      <object_component id="oc-be">
         <name>.debug_pubnames</name>
         <load_address>0xa0b</load_address>
         <run_address>0xa0b</run_address>
         <size>0x2a</size>
         <input_file_ref idref="fl-2"/>
      </object_component>
      <object_component id="oc-df">
         <name>.debug_pubnames</name>
         <load_address>0xa35</load_address>
         <run_address>0xa35</run_address>
         <size>0x1e</size>
         <input_file_ref idref="fl-178"/>
      </object_component>
      <object_component id="oc-e7">
         <name>.debug_pubnames</name>
         <load_address>0xa53</load_address>
         <run_address>0xa53</run_address>
         <size>0x28</size>
         <input_file_ref idref="fl-175"/>
      </object_component>
      <object_component id="oc-ea">
         <name>.debug_pubnames</name>
         <load_address>0xa7b</load_address>
         <run_address>0xa7b</run_address>
         <size>0x3a</size>
         <input_file_ref idref="fl-15c"/>
      </object_component>
      <object_component id="oc-105">
         <name>.debug_pubnames</name>
         <load_address>0xab5</load_address>
         <run_address>0xab5</run_address>
         <size>0x3b8</size>
         <input_file_ref idref="fl-23"/>
      </object_component>
      <object_component id="oc-10b">
         <name>.debug_pubnames</name>
         <load_address>0xe6d</load_address>
         <run_address>0xe6d</run_address>
         <size>0x3da</size>
         <input_file_ref idref="fl-27"/>
      </object_component>
      <object_component id="oc-110">
         <name>.debug_pubnames</name>
         <load_address>0x1247</load_address>
         <run_address>0x1247</run_address>
         <size>0x46</size>
         <input_file_ref idref="fl-11"/>
      </object_component>
      <object_component id="oc-113">
         <name>.debug_pubnames</name>
         <load_address>0x128d</load_address>
         <run_address>0x128d</run_address>
         <size>0x21</size>
         <input_file_ref idref="fl-11"/>
      </object_component>
      <object_component id="oc-117">
         <name>.debug_pubnames</name>
         <load_address>0x12ae</load_address>
         <run_address>0x12ae</run_address>
         <size>0x39</size>
         <input_file_ref idref="fl-16b"/>
      </object_component>
      <object_component id="oc-126">
         <name>.debug_pubnames</name>
         <load_address>0x12e7</load_address>
         <run_address>0x12e7</run_address>
         <size>0x31</size>
         <input_file_ref idref="fl-1a"/>
      </object_component>
      <object_component id="oc-129">
         <name>.debug_pubnames</name>
         <load_address>0x1318</load_address>
         <run_address>0x1318</run_address>
         <size>0x33</size>
         <input_file_ref idref="fl-1a"/>
      </object_component>
      <object_component id="oc-12d">
         <name>.debug_pubnames</name>
         <load_address>0x134b</load_address>
         <run_address>0x134b</run_address>
         <size>0x15b</size>
         <input_file_ref idref="fl-1d"/>
      </object_component>
      <object_component id="oc-132">
         <name>.debug_pubnames</name>
         <load_address>0x14a6</load_address>
         <run_address>0x14a6</run_address>
         <size>0x2b</size>
         <input_file_ref idref="fl-1a"/>
      </object_component>
      <object_component id="oc-13c">
         <name>.debug_pubnames</name>
         <load_address>0x14d1</load_address>
         <run_address>0x14d1</run_address>
         <size>0x20</size>
         <input_file_ref idref="fl-170"/>
      </object_component>
      <object_component id="oc-142">
         <name>.debug_pubnames</name>
         <load_address>0x14f1</load_address>
         <run_address>0x14f1</run_address>
         <size>0x1c</size>
         <input_file_ref idref="fl-16d"/>
      </object_component>
      <object_component id="oc-148">
         <name>.debug_pubnames</name>
         <load_address>0x150d</load_address>
         <run_address>0x150d</run_address>
         <size>0x26</size>
         <input_file_ref idref="fl-15e"/>
      </object_component>
      <object_component id="oc-14d">
         <name>.debug_pubnames</name>
         <load_address>0x1533</load_address>
         <run_address>0x1533</run_address>
         <size>0x1f</size>
         <input_file_ref idref="fl-172"/>
      </object_component>
      <object_component id="oc-153">
         <name>.debug_pubnames</name>
         <load_address>0x1552</load_address>
         <run_address>0x1552</run_address>
         <size>0x23</size>
         <input_file_ref idref="fl-17a"/>
      </object_component>
      <object_component id="oc-158">
         <name>.debug_pubnames</name>
         <load_address>0x1575</load_address>
         <run_address>0x1575</run_address>
         <size>0x1a</size>
         <input_file_ref idref="fl-17c"/>
      </object_component>
      <object_component id="oc-15e">
         <name>.debug_pubnames</name>
         <load_address>0x158f</load_address>
         <run_address>0x158f</run_address>
         <size>0x1b</size>
         <input_file_ref idref="fl-171"/>
[...]
         <value>0x2107</value>
         <object_component_ref idref="oc-102"/>
      </symbol>
      <symbol id="sm-401">
         <name>SysCtlIntUnregister</name>
         <value>0x223d</value>
         <object_component_ref idref="oc-102"/>
      </symbol>
      <symbol id="sm-402">
         <name>SysCtlUSBPLLDisable</name>
         <value>0x2777</value>
         <object_component_ref idref="oc-102"/>
      </symbol>
      <symbol id="sm-403">
         <name>SysCtlPeripheralReady</name>
         <value>0x1f4f</value>
         <object_component_ref idref="oc-102"/>
      </symbol>
      <symbol id="sm-404">
         <name>SysCtlPIOSCCalibrate</name>
         <value>0x2309</value>
         <object_component_ref idref="oc-102"/>
      </symbol>
      <symbol id="sm-405">
         <name>SysCtlResetCauseClear</name>
         <value>0x22df</value>
         <object_component_ref idref="oc-102"/>
      </symbol>
      <symbol id="sm-406">
         <name>SysCtlPeripheralReset</name>
         <value>0x2007</value>
         <object_component_ref idref="oc-102"/>
      </symbol>
      <symbol id="sm-477">
         <name>UARTClockSourceGet</name>
         <value>0x3397</value>
         <object_component_ref idref="oc-108"/>
      </symbol>
      <symbol id="sm-478">
         <name>UARTCharPutNonBlocking</name>
         <value>0x3209</value>
         <object_component_ref idref="oc-108"/>
      </symbol>
      <symbol id="sm-479">
         <name>UARTDMAEnable</name>
         <value>0x3331</value>
         <object_component_ref idref="oc-108"/>
      </symbol>
      <symbol id="sm-47a">
         <name>UARTTxIntModeSet</name>
         <value>0x316d</value>
         <object_component_ref idref="oc-108"/>
      </symbol>
      <symbol id="sm-47b">
         <name>UARTFIFODisable</name>
         <value>0x3027</value>
         <object_component_ref idref="oc-108"/>
      </symbol>
      <symbol id="sm-47c">
         <name>UARTIntUnregister</name>
         <value>0x32b1</value>
         <object_component_ref idref="oc-108"/>
      </symbol>
      <symbol id="sm-47d">
         <name>UARTRxErrorClear</name>
         <value>0x3373</value>
         <object_component_ref idref="oc-108"/>
      </symbol>
      <symbol id="sm-47e">
         <name>UARTModemControlSet</name>
         <value>0x30c9</value>
         <object_component_ref idref="oc-108"/>
      </symbol>
      <symbol id="sm-47f">
         <name>UARTFlowControlSet</name>
         <value>0x313f</value>
         <object_component_ref idref="oc-108"/>
      </symbol>
      <symbol id="sm-480">
         <name>UARTConfigSetExpClk</name>
         <value>0x2f01</value>
         <object_component_ref idref="oc-108"/>
      </symbol>
      <symbol id="sm-481">
         <name>UARTSmartCardDisable</name>
         <value>0x30b3</value>
         <object_component_ref idref="oc-108"/>
      </symbol>
      <symbol id="sm-482">
         <name>UARTDisable</name>
         <value>0x2fe7</value>
         <object_component_ref idref="oc-108"/>
      </symbol>
      <symbol id="sm-483">
         <name>UART9BitDisable</name>
         <value>0x33bd</value>
         <object_component_ref idref="oc-108"/>
      </symbol>
      <symbol id="sm-484">
         <name>UARTFIFOLevelGet</name>
         <value>0x2ed9</value>
         <object_component_ref idref="oc-108"/>
      </symbol>
      <symbol id="sm-485">
         <name>UARTBusy</name>
         <value>0x3275</value>
         <object_component_ref idref="oc-108"/>
      </symbol>
      <symbol id="sm-486">
         <name>UARTDisableSIR</name>
         <value>0x306b</value>
         <object_component_ref idref="oc-108"/>
      </symbol>
      <symbol id="sm-487">
         <name>UARTIntEnable</name>
         <value>0x32d1</value>
         <object_component_ref idref="oc-108"/>
      </symbol>
      <symbol id="sm-488">
         <name>UARTCharsAvail</name>
         <value>0x319b</value>
         <object_component_ref idref="oc-108"/>
      </symbol>
      <symbol id="sm-489">
         <name>UARTCharGetNonBlocking</name>
         <value>0x31d7</value>
         <object_component_ref idref="oc-108"/>
      </symbol>
      <symbol id="sm-48a">
         <name>UARTClockSourceSet</name>
         <value>0x3383</value>
         <object_component_ref idref="oc-108"/>
      </symbol>
      <symbol id="sm-48b">
         <name>UARTTxIntModeGet</name>
         <value>0x3189</value>
         <object_component_ref idref="oc-108"/>
      </symbol>
      <symbol id="sm-48c">
         <name>UARTModemStatusGet</name>
         <value>0x312b</value>
         <object_component_ref idref="oc-108"/>
      </symbol>
      <symbol id="sm-48d">
         <name>UARTIntDisable</name>
         <value>0x32e9</value>
         <object_component_ref idref="oc-108"/>
      </symbol>
      <symbol id="sm-48e">
         <name>UARTCharPut</name>
         <value>0x322d</value>
         <object_component_ref idref="oc-108"/>
      </symbol>
      <symbol id="sm-48f">
         <name>UARTParityModeSet</name>
         <value>0x2e93</value>
         <object_component_ref idref="oc-108"/>
      </symbol>
      <symbol id="sm-490">
         <name>UARTRxErrorGet</name>
         <value>0x3361</value>
         <object_component_ref idref="oc-108"/>
      </symbol>
      <symbol id="sm-491">
         <name>UARTConfigGetExpClk</name>
         <value>0x2f77</value>
         <object_component_ref idref="oc-108"/>
      </symbol>
      <symbol id="sm-492">
         <name>UARTEnableSIR</name>
         <value>0x303d</value>
         <object_component_ref idref="oc-108"/>
      </symbol>
      <symbol id="sm-493">
         <name>UARTEnable</name>
         <value>0x2fc3</value>
         <object_component_ref idref="oc-108"/>
      </symbol>
      <symbol id="sm-494">
         <name>UART9BitAddrSend</name>
         <value>0x33f9</value>
         <object_component_ref idref="oc-108"/>
      </symbol>
      <symbol id="sm-495">
         <name>UARTModemControlGet</name>
         <value>0x3119</value>
         <object_component_ref idref="oc-108"/>
      </symbol>
      <symbol id="sm-496">
         <name>UARTSmartCardEnable</name>
         <value>0x3081</value>
         <object_component_ref idref="oc-108"/>
      </symbol>
      <symbol id="sm-497">
         <name>UARTFlowControlGet</name>
         <value>0x315b</value>
         <object_component_ref idref="oc-108"/>
      </symbol>
      <symbol id="sm-498">
         <name>UARTFIFOEnable</name>
         <value>0x3011</value>
         <object_component_ref idref="oc-108"/>
      </symbol>
      <symbol id="sm-499">
         <name>UARTIntClear</name>
         <value>0x331f</value>
         <object_component_ref idref="oc-108"/>
      </symbol>
      <symbol id="sm-49a">
         <name>UARTIntStatus</name>
         <value>0x3301</value>
         <object_component_ref idref="oc-108"/>
      </symbol>
      <symbol id="sm-49b">
         <name>UARTDMADisable</name>
         <value>0x3349</value>
         <object_component_ref idref="oc-108"/>
      </symbol>
      <symbol id="sm-49c">
         <name>UART9BitEnable</name>
         <value>0x33a7</value>
         <object_component_ref idref="oc-108"/>
      </symbol>
      <symbol id="sm-49d">
         <name>UARTSpaceAvail</name>
         <value>0x31b9</value>
         <object_component_ref idref="oc-108"/>
      </symbol>
      <symbol id="sm-49e">
         <name>UARTCharGet</name>
         <value>0x31f3</value>
         <object_component_ref idref="oc-108"/>
      </symbol>
      <symbol id="sm-49f">
         <name>UARTFIFOLevelSet</name>
         <value>0x2ec1</value>
         <object_component_ref idref="oc-108"/>
      </symbol>
      <symbol id="sm-4a0">
         <name>UARTModemControlClear</name>
         <value>0x30ed</value>
         <object_component_ref idref="oc-108"/>
      </symbol>
      <symbol id="sm-4a1">
         <name>UARTParityModeGet</name>
         <value>0x2eaf</value>
         <object_component_ref idref="oc-108"/>
      </symbol>
      <symbol id="sm-4a2">
         <name>UARTIntRegister</name>
         <value>0x3293</value>
         <object_component_ref idref="oc-108"/>
      </symbol>
      <symbol id="sm-4a3">
         <name>UARTBreakCtl</name>
         <value>0x324b</value>
         <object_component_ref idref="oc-108"/>
      </symbol>
      <symbol id="sm-4a4">
         <name>UART9BitAddrSet</name>
         <value>0x33d3</value>
         <object_component_ref idref="oc-108"/>
      </symbol>
      <symbol id="sm-4c0">
         <name>atan2</name>
         <value>0x4bf1</value>
         <object_component_ref idref="oc-a1"/>
      </symbol>
      <symbol id="sm-4d0">
         <name>_c_int00</name>
         <value>0x5361</value>
         <object_component_ref idref="oc-11"/>
      </symbol>
      <symbol id="sm-4d1">
         <name>__stack</name>
         <value>0x2000026c</value>
         <object_component_ref idref="oc-28"/>
      </symbol>
      <symbol id="sm-4e8">
         <name>__TI_decompress_none</name>
         <value>0x56f7</value>
         <object_component_ref idref="oc-16"/>
      </symbol>
      <symbol id="sm-50c">
         <name>__TI_decompress_rle24</name>
         <value>0x5717</value>
         <object_component_ref idref="oc-22"/>
      </symbol>
      <symbol id="sm-520">
         <name>__TI_zero_init</name>
         <value>0x56e5</value>
         <object_component_ref idref="oc-1c"/>
      </symbol>
      <symbol id="sm-53f">
         <name>C$$EXIT</name>
         <value>0x5435</value>
         <object_component_ref idref="oc-43"/>
      </symbol>
      <symbol id="sm-540">
         <name>abort</name>
         <value>0x5439</value>
         <object_component_ref idref="oc-43"/>
      </symbol>
      <symbol id="sm-541">
         <name>exit</name>
         <value>0x5441</value>
         <object_component_ref idref="oc-43"/>
      </symbol>
      <symbol id="sm-542">
         <name>__TI_dtors_ptr</name>
         <value>0x20000624</value>
         <object_component_ref idref="oc-e8"/>
      </symbol>
      <symbol id="sm-543">
         <name>__TI_cleanup_ptr</name>
         <value>0x20000620</value>
         <object_component_ref idref="oc-e8"/>
      </symbol>
      <symbol id="sm-55a">
         <name>__aeabi_dsub</name>
         <value>0x462d</value>
         <object_component_ref idref="oc-8b"/>
      </symbol>
      <symbol id="sm-55b">
         <name>__aeabi_dadd</name>
         <value>0x4637</value>
         <object_component_ref idref="oc-8b"/>
      </symbol>
      <symbol id="sm-56d">
         <name>__aeabi_cdcmpeq</name>
         <value>0x51cd</value>
         <object_component_ref idref="oc-145"/>
      </symbol>
      <symbol id="sm-56e">
         <name>__aeabi_cdcmple</name>
         <value>0x51cd</value>
         <object_component_ref idref="oc-145"/>
      </symbol>
      <symbol id="sm-582">
         <name>__aeabi_ddiv</name>
         <value>0x4ab9</value>
         <object_component_ref idref="oc-90"/>
      </symbol>
      <symbol id="sm-58d">
         <name>__aeabi_dmul</name>
         <value>0x4e19</value>
         <object_component_ref idref="oc-a7"/>
      </symbol>
      <symbol id="sm-597">
         <name>__aeabi_d2f</name>
         <value>0x5315</value>
         <object_component_ref idref="oc-ac"/>
      </symbol>
      <symbol id="sm-5a2">
         <name>__aeabi_f2d</name>
         <value>0x557f</value>
         <object_component_ref idref="oc-b7"/>
      </symbol>
      <symbol id="sm-5ac">
         <name>__aeabi_i2d</name>
         <value>0x561d</value>
         <object_component_ref idref="oc-86"/>
      </symbol>
      <symbol id="sm-5c7">
         <name>memcpy</name>
         <value>0x509d</value>
         <object_component_ref idref="oc-4d"/>
      </symbol>
      <symbol id="sm-5c8">
         <name>__aeabi_memcpy</name>
         <value>0x509d</value>
         <object_component_ref idref="oc-4d"/>
      </symbol>
      <symbol id="sm-5c9">
         <name>__aeabi_memcpy8</name>
         <value>0x509d</value>
         <object_component_ref idref="oc-4d"/>
      </symbol>
      <symbol id="sm-5ca">
         <name>__aeabi_memcpy4</name>
         <value>0x509d</value>
         <object_component_ref idref="oc-4d"/>
      </symbol>
      <symbol id="sm-61d">
         <name>pow</name>
         <value>0x3441</value>
         <object_component_ref idref="oc-95"/>
      </symbol>
      <symbol id="sm-634">
         <name>sqrt</name>
         <value>0x4971</value>
         <object_component_ref idref="oc-9b"/>
      </symbol>
      <symbol id="sm-644">
         <name>sqrtf</name>
         <value>0x5679</value>
         <object_component_ref idref="oc-b1"/>
      </symbol>
      <symbol id="sm-64c">
         <name>main_func_sp</name>
         <value>0x2000063c</value>
         <object_component_ref idref="oc-49"/>
      </symbol>
      <symbol id="sm-65d">
         <name>__aeabi_uidivmod</name>
         <value>0x54bd</value>
         <object_component_ref idref="oc-114"/>
      </symbol>
      <symbol id="sm-680">
         <name>_Atan</name>
         <value>0x47e5</value>
         <object_component_ref idref="oc-173"/>
      </symbol>
      <symbol id="sm-69d">
         <name>_Dint</name>
         <value>0x4f15</value>
         <object_component_ref idref="oc-13f"/>
      </symbol>
      <symbol id="sm-6b8">
         <name>_Dscale</name>
         <value>0x4d09</value>
         <object_component_ref idref="oc-166"/>
      </symbol>
      <symbol id="sm-6ca">
         <name>_Dtest</name>
         <value>0x5479</value>
         <object_component_ref idref="oc-16d"/>
      </symbol>
      <symbol id="sm-6de">
         <name>_Dunscale</name>
         <value>0x5253</value>
         <object_component_ref idref="oc-139"/>
      </symbol>
      <symbol id="sm-710">
         <name>_Exp</name>
         <value>0x4431</value>
         <object_component_ref idref="oc-15b"/>
      </symbol>
      <symbol id="sm-71f">
         <name>_Feraise</name>
         <value>0x55ed</value>
         <object_component_ref idref="oc-14a"/>
      </symbol>
      <symbol id="sm-72e">
         <name>_FZero</name>
         <value>0x20000604</value>
         <object_component_ref idref="oc-17d"/>
      </symbol>
      <symbol id="sm-72f">
         <name>_FRteps</name>
         <value>0x200005f0</value>
         <object_component_ref idref="oc-17d"/>
      </symbol>
      <symbol id="sm-730">
         <name>_FSnan</name>
         <value>0x200005e0</value>
         <object_component_ref idref="oc-17d"/>
      </symbol>
      <symbol id="sm-731">
         <name>_FNan</name>
         <value>0x200005d0</value>
         <object_component_ref idref="oc-17d"/>
      </symbol>
      <symbol id="sm-732">
         <name>_FInf</name>
         <value>0x200005c0</value>
         <object_component_ref idref="oc-17d"/>
      </symbol>
      <symbol id="sm-733">
         <name>_FEps</name>
         <value>0x200005b0</value>
         <object_component_ref idref="oc-17d"/>
      </symbol>
      <symbol id="sm-734">
         <name>_FXbig</name>
         <value>0x20000600</value>
         <object_component_ref idref="oc-17d"/>
      </symbol>
      <symbol id="sm-735">
         <name>_FDenorm</name>
         <value>0x200005a0</value>
         <object_component_ref idref="oc-17d"/>
      </symbol>
      <symbol id="sm-745">
         <name>_Rteps</name>
         <value>0x20000580</value>
         <object_component_ref idref="oc-161"/>
      </symbol>
      <symbol id="sm-746">
         <name>_Zero</name>
         <value>0x20000598</value>
         <object_component_ref idref="oc-161"/>
      </symbol>
      <symbol id="sm-747">
         <name>_Hugeval</name>
         <value>0x20000540</value>
         <object_component_ref idref="oc-161"/>
      </symbol>
      <symbol id="sm-748">
         <name>_Snan</name>
         <value>0x20000570</value>
         <object_component_ref idref="oc-161"/>
      </symbol>
      <symbol id="sm-749">
         <name>_Nan</name>
         <value>0x20000560</value>
         <object_component_ref idref="oc-161"/>
      </symbol>
      <symbol id="sm-74a">
         <name>_Inf</name>
         <value>0x20000550</value>
         <object_component_ref idref="oc-161"/>
      </symbol>
      <symbol id="sm-74b">
         <name>_Xbig</name>
         <value>0x20000590</value>
         <object_component_ref idref="oc-161"/>
      </symbol>
      <symbol id="sm-74c">
         <name>_Eps</name>
         <value>0x20000530</value>
         <object_component_ref idref="oc-161"/>
      </symbol>
      <symbol id="sm-74d">
         <name>_Denorm</name>
         <value>0x20000520</value>
         <object_component_ref idref="oc-161"/>
      </symbol>
      <symbol id="sm-766">
         <name>_nop</name>
         <value>0x56df</value>
         <object_component_ref idref="oc-18e"/>
      </symbol>
      <symbol id="sm-767">
         <name>_lock</name>
         <value>0x20000618</value>
         <object_component_ref idref="oc-e5"/>
      </symbol>
      <symbol id="sm-768">
         <name>_unlock</name>
         <value>0x2000061c</value>
         <object_component_ref idref="oc-e5"/>
      </symbol>
      <symbol id="sm-769">
         <name>_register_lock</name>
         <value>0x56d7</value>
         <object_component_ref idref="oc-18e"/>
      </symbol>
      <symbol id="sm-76a">
         <name>_register_unlock</name>
         <value>0x56d1</value>
         <object_component_ref idref="oc-18e"/>
      </symbol>
      <symbol id="sm-77e">
         <name>_args_main</name>
         <value>0x56b9</value>
         <object_component_ref idref="oc-3d"/>
      </symbol>
      <symbol id="sm-79b">
         <name>__TI_auto_init</name>
         <value>0x5139</value>
         <object_component_ref idref="oc-38"/>
      </symbol>
      <symbol id="sm-7b4">
         <name>copy_in</name>
         <value>0x53f1</value>
         <object_component_ref idref="oc-dc"/>
      </symbol>
      <symbol id="sm-7bc">
         <name>_Errno</name>
         <value>0x20000638</value>
         <object_component_ref idref="oc-1df"/>
      </symbol>
      <symbol id="sm-7c6">
         <name>__aeabi_d2iz</name>
         <value>0x53a9</value>
         <object_component_ref idref="oc-150"/>
      </symbol>
      <symbol id="sm-7e4">
         <name>feraiseexcept</name>
         <value>0x55b9</value>
         <object_component_ref idref="oc-1d9"/>
      </symbol>
      <symbol id="sm-7e5">
         <name>_Tls_setup__Fenv</name>
         <value>0x2000062c</value>
         <object_component_ref idref="oc-232"/>
      </symbol>
      <symbol id="sm-7e6">
         <name>_Fenv</name>
         <value>0x20000628</value>
         <object_component_ref idref="oc-232"/>
      </symbol>
      <symbol id="sm-7f3">
         <name>log</name>
         <value>0x569d</value>
         <object_component_ref idref="oc-155"/>
      </symbol>
      <symbol id="sm-807">
         <name>raise</name>
         <value>0x564b</value>
         <object_component_ref idref="oc-22c"/>
      </symbol>
      <symbol id="sm-821">
         <name>signal</name>
         <value>0x5501</value>
         <object_component_ref idref="oc-24d"/>
      </symbol>
      <symbol id="sm-836">
         <name>_Dnorm</name>
         <value>0x4fd9</value>
         <object_component_ref idref="oc-1cc"/>
      </symbol>
      <symbol id="sm-866">
         <name>_Log</name>
         <value>0x4145</value>
         <object_component_ref idref="oc-1e4"/>
      </symbol>
      <symbol id="sm-867">
         <name>__TI_static_base__</name>
         <value>0x0</value>
      </symbol>
      <symbol id="sm-868">
         <name>__TI_args_main</name>
         <value>0x1</value>
      </symbol>
      <symbol id="sm-869">
         <name>SHT$$INIT_ARRAY$$Limit</name>
         <value>0x0</value>
      </symbol>
      <symbol id="sm-86a">
         <name>SHT$$INIT_ARRAY$$Base</name>
         <value>0x0</value>
      </symbol>
   </symbol_table>
   <title>Link successful</title>
</link_info>
